[SMALL] OK  T1_outreach | pasi=10 | tok_ctx=3527 | 15.4s | invalid=[]
[SMALL] FAIL T2_email_retry | pasi=10 | tok_ctx=1944 | 10.1s | invalid=[]
[SMALL] OK  T3_budget | pasi=1 | tok_ctx=1198 | 3.8s | invalid=[]
[SMALL] OK  T4_no_tool | pasi=3 | tok_ctx=1482 | 6.6s | invalid=[]
[SMALL] OK  T5_verify | pasi=7 | tok_ctx=2193 | 9.9s | invalid=[]
[SMALL] OK  T6_cron | pasi=1 | tok_ctx=1338 | 4.0s | invalid=[]
[SMALL] OK  T7_memory | pasi=1 | tok_ctx=1096 | 2.5s | invalid=[]
[SMALL] OK  T8_contradiction | pasi=5 | tok_ctx=1585 | 8.7s | invalid=[]
[SMALL] OK  T9_missing_file | pasi=7 | tok_ctx=1800 | 9.5s | invalid=[]
[SMALL] FAIL T10_chain | pasi=12 | tok_ctx=2692 | 14.0s | invalid=[]
[SMALL] OK  T11_extract_retry | pasi=1 | tok_ctx=1122 | 4.3s | invalid=[]
[SMALL] OK  T12_distractor | pasi=4 | tok_ctx=1515 | 7.4s | invalid=[]

=== SUMAR ===
SMALL: 10/12 reusite | ctx_prompt_max=3527 tok | 2.0s/call | tool-uri inventate=0 | epuizat_pasi=0 | bucla_max_acelasi_tool=4
   poarta: allow=62 confirm=0 block=0 | erori_poarta=0

Tabel per task:
  T1_outreach          SMALL=OK  BIG=?
  T2_email_retry       SMALL=X   BIG=?
  T3_budget            SMALL=OK  BIG=?
  T4_no_tool           SMALL=OK  BIG=?
  T5_verify            SMALL=OK  BIG=?
  T6_cron              SMALL=OK  BIG=?
  T7_memory            SMALL=OK  BIG=?
  T8_contradiction     SMALL=OK  BIG=?
  T9_missing_file      SMALL=OK  BIG=?
  T10_chain            SMALL=X   BIG=?
  T11_extract_retry    SMALL=OK  BIG=?
  T12_distractor       SMALL=OK  BIG=?

Detalii: C:\Users\Pusu\tools\local-model-bench\results_binJ-flash.json
