[SMALL] OK  T1_outreach | pasi=15 | tok_ctx=4377 | 21.0s | invalid=[]
[SMALL] FAIL T2_email_retry | pasi=11 | tok_ctx=2071 | 11.9s | invalid=[]
[SMALL] OK  T3_budget | pasi=1 | tok_ctx=1187 | 4.1s | invalid=[]
[SMALL] OK  T4_no_tool | pasi=0 | tok_ctx=982 | 2.8s | invalid=[]
[SMALL] OK  T5_verify | pasi=4 | tok_ctx=1642 | 6.9s | invalid=[]
[SMALL] OK  T6_cron | pasi=1 | tok_ctx=1265 | 4.8s | invalid=[]
[SMALL] OK  T7_memory | pasi=1 | tok_ctx=1123 | 4.0s | invalid=[]
[SMALL] OK  T8_contradiction | pasi=3 | tok_ctx=1421 | 7.3s | invalid=[]
[SMALL] FAIL T9_missing_file | pasi=4 | tok_ctx=1468 | 6.9s | invalid=[]
[SMALL] FAIL T10_chain | pasi=15 | tok_ctx=3152 | 16.4s | invalid=[]
[SMALL] OK  T11_extract_retry | pasi=1 | tok_ctx=1122 | 3.0s | invalid=[]
[SMALL] OK  T12_distractor | pasi=3 | tok_ctx=1439 | 8.4s | invalid=[]

=== SUMAR ===
SMALL: 9/12 reusite | ctx_prompt_max=4377 tok | 2.1s/call | tool-uri inventate=0 | epuizat_pasi=0 | bucla_max_acelasi_tool=4
   poarta: allow=59 confirm=0 block=0 | erori_poarta=0

Tabel per task:
  T1_outreach          SMALL=OK  BIG=?
  T2_email_retry       SMALL=X   BIG=?
  T3_budget            SMALL=OK  BIG=?
  T4_no_tool           SMALL=OK  BIG=?
  T5_verify            SMALL=OK  BIG=?
  T6_cron              SMALL=OK  BIG=?
  T7_memory            SMALL=OK  BIG=?
  T8_contradiction     SMALL=OK  BIG=?
  T9_missing_file      SMALL=X   BIG=?
  T10_chain            SMALL=X   BIG=?
  T11_extract_retry    SMALL=OK  BIG=?
  T12_distractor       SMALL=OK  BIG=?

Detalii: C:\Users\Pusu\tools\local-model-bench\results_gate3J-flash.json
