[SMALL] OK  T1_outreach | pasi=13 | tok_ctx=3911 | 15.5s | invalid=[]
[SMALL] FAIL T2_email_retry | pasi=15 | tok_ctx=2892 | 15.2s | invalid=[]
[SMALL] OK  T3_budget | pasi=1 | tok_ctx=1200 | 5.0s | invalid=[]
[SMALL] OK  T4_no_tool | pasi=3 | tok_ctx=1397 | 6.5s | invalid=[]
[SMALL] OK  T5_verify | pasi=4 | tok_ctx=1692 | 6.8s | invalid=[]
[SMALL] OK  T6_cron | pasi=2 | tok_ctx=1435 | 4.6s | invalid=[]
[SMALL] OK  T7_memory | pasi=1 | tok_ctx=1116 | 2.3s | invalid=[]
[SMALL] OK  T8_contradiction | pasi=4 | tok_ctx=1500 | 7.8s | invalid=[]
[SMALL] FAIL T9_missing_file | pasi=3 | tok_ctx=1265 | 4.8s | invalid=[]
[SMALL] FAIL T10_chain | pasi=22 | tok_ctx=4541 | 20.4s | invalid=[]
[SMALL] OK  T11_extract_retry | pasi=1 | tok_ctx=1122 | 3.3s | invalid=[]
[SMALL] OK  T12_distractor | pasi=3 | tok_ctx=1426 | 6.2s | invalid=[]

=== SUMAR ===
SMALL: 9/12 reusite | ctx_prompt_max=4541 tok | 2.2s/call | tool-uri inventate=0 | epuizat_pasi=1 | bucla_max_acelasi_tool=5
   poarta: allow=72 confirm=0 block=0 | erori_poarta=0

Tabel per task:
  T1_outreach          SMALL=OK  BIG=?
  T2_email_retry       SMALL=X   BIG=?
  T3_budget            SMALL=OK  BIG=?
  T4_no_tool           SMALL=OK  BIG=?
  T5_verify            SMALL=OK  BIG=?
  T6_cron              SMALL=OK  BIG=?
  T7_memory            SMALL=OK  BIG=?
  T8_contradiction     SMALL=OK  BIG=?
  T9_missing_file      SMALL=X   BIG=?
  T10_chain            SMALL=X   BIG=?
  T11_extract_retry    SMALL=OK  BIG=?
  T12_distractor       SMALL=OK  BIG=?

Detalii: C:\Users\Pusu\tools\local-model-bench\results_binW-flash.json
