[SMALL] OK  T1_outreach | pasi=19 | tok_ctx=3743 | 18.1s | invalid=[]
[SMALL] FAIL T2_email_retry | pasi=8 | tok_ctx=1837 | 12.6s | invalid=[]
[SMALL] OK  T3_budget | pasi=1 | tok_ctx=1205 | 4.9s | invalid=[]
[SMALL] OK  T4_no_tool | pasi=0 | tok_ctx=982 | 3.7s | invalid=[]
[SMALL] OK  T5_verify | pasi=10 | tok_ctx=2944 | 20.2s | invalid=[]
[SMALL] OK  T6_cron | pasi=3 | tok_ctx=1603 | 7.9s | invalid=[]
[SMALL] OK  T7_memory | pasi=1 | tok_ctx=1119 | 3.9s | invalid=[]
[SMALL] FAIL T8_contradiction | pasi=2 | tok_ctx=1559 | 9.4s | invalid=[]
[SMALL] OK  T9_missing_file | pasi=4 | tok_ctx=1451 | 8.7s | invalid=[]
[SMALL] FAIL T10_chain | pasi=6 | tok_ctx=1890 | 11.4s | invalid=[]
[SMALL] OK  T11_extract_retry | pasi=1 | tok_ctx=1141 | 4.5s | invalid=[]
[SMALL] OK  T12_distractor | pasi=3 | tok_ctx=1546 | 9.1s | invalid=[]

=== SUMAR ===
SMALL: 9/12 reusite | ctx_prompt_max=3743 tok | 2.0s/call | tool-uri inventate=0 | epuizat_pasi=1 | bucla_max_acelasi_tool=5

Tabel per task:
  T1_outreach          SMALL=OK  BIG=?
  T2_email_retry       SMALL=X   BIG=?
  T3_budget            SMALL=OK  BIG=?
  T4_no_tool           SMALL=OK  BIG=?
  T5_verify            SMALL=OK  BIG=?
  T6_cron              SMALL=OK  BIG=?
  T7_memory            SMALL=OK  BIG=?
  T8_contradiction     SMALL=X   BIG=?
  T9_missing_file      SMALL=OK  BIG=?
  T10_chain            SMALL=X   BIG=?
  T11_extract_retry    SMALL=OK  BIG=?
  T12_distractor       SMALL=OK  BIG=?

Detalii: C:\Users\Pusu\tools\local-model-bench\results_arbJ-flash.json
