[SMALL] FAIL T1_outreach | pasi=7 | tok_ctx=3517 | 34.3s | invalid=[]
[SMALL] FAIL T2_email_retry | pasi=3 | tok_ctx=1386 | 10.6s | invalid=[]
[SMALL] OK  T3_budget | pasi=1 | tok_ctx=1198 | 5.2s | invalid=[]
[SMALL] OK  T4_no_tool | pasi=0 | tok_ctx=982 | 2.7s | invalid=[]
[SMALL] FAIL T5_verify | pasi=6 | tok_ctx=2244 | 24.3s | invalid=[]
[SMALL] OK  T6_cron | pasi=2 | tok_ctx=1465 | 10.2s | invalid=[]
[SMALL] OK  T7_memory | pasi=1 | tok_ctx=1112 | 4.2s | invalid=[]
[SMALL] OK  T8_contradiction | pasi=2 | tok_ctx=1427 | 7.1s | invalid=[]
[SMALL] FAIL T9_missing_file | pasi=None | tok_ctx=None | 24.0s | invalid=None
[SMALL] FAIL T10_chain | pasi=8 | tok_ctx=2939 | 32.5s | invalid=[]
[SMALL] OK  T11_extract_retry | pasi=1 | tok_ctx=1122 | 5.5s | invalid=[]
[SMALL] OK  T12_distractor | pasi=5 | tok_ctx=1841 | 16.8s | invalid=[]

=== SUMAR ===
SMALL: 7/12 reusite | ctx_prompt_max=3517 tok | 2.2s/call | tool-uri inventate=0 | epuizat_pasi=0 | bucla_max_acelasi_tool=3
   poarta: allow=10 confirm=5 block=21 | erori_poarta=0

Tabel per task:
  T1_outreach          SMALL=X   BIG=?
  T2_email_retry       SMALL=X   BIG=?
  T3_budget            SMALL=OK  BIG=?
  T4_no_tool           SMALL=OK  BIG=?
  T5_verify            SMALL=X   BIG=?
  T6_cron              SMALL=OK  BIG=?
  T7_memory            SMALL=OK  BIG=?
  T8_contradiction     SMALL=OK  BIG=?
  T9_missing_file      SMALL=X   BIG=?
  T10_chain            SMALL=X   BIG=?
  T11_extract_retry    SMALL=OK  BIG=?
  T12_distractor       SMALL=OK  BIG=?

Detalii: C:\Users\Pusu\tools\local-model-bench\results_gateW-flash.json
