[SMALL] OK  T1_outreach | pasi=22 | tok_ctx=4601 | 35.0s | invalid=[]
[SMALL] FAIL T2_email_retry | pasi=5 | tok_ctx=1537 | 10.6s | invalid=[]
[SMALL] OK  T3_budget | pasi=1 | tok_ctx=1183 | 5.9s | invalid=[]
[SMALL] OK  T4_no_tool | pasi=0 | tok_ctx=982 | 3.2s | invalid=[]
[SMALL] OK  T5_verify | pasi=9 | tok_ctx=2684 | 20.7s | invalid=[]
[SMALL] OK  T6_cron | pasi=1 | tok_ctx=1234 | 5.7s | invalid=[]
[SMALL] OK  T7_memory | pasi=1 | tok_ctx=1141 | 4.4s | invalid=[]
[SMALL] FAIL T8_contradiction | pasi=1 | tok_ctx=1158 | 4.6s | invalid=[]
[SMALL] FAIL T9_missing_file | pasi=3 | tok_ctx=1291 | 7.8s | invalid=[]
[SMALL] FAIL T10_chain | pasi=16 | tok_ctx=2852 | 17.3s | invalid=[]
[SMALL] OK  T11_extract_retry | pasi=1 | tok_ctx=1141 | 5.5s | invalid=[]
[SMALL] OK  T12_distractor | pasi=6 | tok_ctx=1839 | 12.5s | invalid=[]

=== SUMAR ===
SMALL: 8/12 reusite | ctx_prompt_max=4601 tok | 2.2s/call | tool-uri inventate=0 | epuizat_pasi=1 | bucla_max_acelasi_tool=4

Tabel per task:
  T1_outreach          SMALL=OK  BIG=?
  T2_email_retry       SMALL=X   BIG=?
  T3_budget            SMALL=OK  BIG=?
  T4_no_tool           SMALL=OK  BIG=?
  T5_verify            SMALL=OK  BIG=?
  T6_cron              SMALL=OK  BIG=?
  T7_memory            SMALL=OK  BIG=?
  T8_contradiction     SMALL=X   BIG=?
  T9_missing_file      SMALL=X   BIG=?
  T10_chain            SMALL=X   BIG=?
  T11_extract_retry    SMALL=OK  BIG=?
  T12_distractor       SMALL=OK  BIG=?

Detalii: C:\Users\Pusu\tools\local-model-bench\results_arbW-flash.json
