[SMALL] OK  T1_outreach | pasi=17 | tok_ctx=4558 | 23.3s | invalid=[]
[SMALL] FAIL T2_email_retry | pasi=6 | tok_ctx=1598 | 8.0s | invalid=[]
[SMALL] OK  T3_budget | pasi=1 | tok_ctx=1185 | 5.3s | invalid=[]
[SMALL] OK  T4_no_tool | pasi=0 | tok_ctx=982 | 2.9s | invalid=[]
[SMALL] OK  T5_verify | pasi=6 | tok_ctx=1940 | 9.0s | invalid=[]
[SMALL] OK  T6_cron | pasi=1 | tok_ctx=1307 | 6.2s | invalid=[]
[SMALL] OK  T7_memory | pasi=1 | tok_ctx=1126 | 3.7s | invalid=[]
[SMALL] FAIL T8_contradiction | pasi=5 | tok_ctx=1597 | 8.6s | invalid=[]
[SMALL] FAIL T9_missing_file | pasi=4 | tok_ctx=1593 | 6.3s | invalid=[]
[SMALL] OK  T10_chain | pasi=19 | tok_ctx=3030 | 17.3s | invalid=[]
[SMALL] OK  T11_extract_retry | pasi=1 | tok_ctx=1125 | 2.7s | invalid=[]
[SMALL] OK  T12_distractor | pasi=5 | tok_ctx=1618 | 8.6s | invalid=[]

=== SUMAR ===
SMALL: 9/12 reusite | ctx_prompt_max=4558 tok | 2.1s/call | tool-uri inventate=0 | epuizat_pasi=1 | bucla_max_acelasi_tool=4
   poarta: allow=65 confirm=0 block=1 | erori_poarta=0

Tabel per task:
  T1_outreach          SMALL=OK  BIG=?
  T2_email_retry       SMALL=X   BIG=?
  T3_budget            SMALL=OK  BIG=?
  T4_no_tool           SMALL=OK  BIG=?
  T5_verify            SMALL=OK  BIG=?
  T6_cron              SMALL=OK  BIG=?
  T7_memory            SMALL=OK  BIG=?
  T8_contradiction     SMALL=X   BIG=?
  T9_missing_file      SMALL=X   BIG=?
  T10_chain            SMALL=OK  BIG=?
  T11_extract_retry    SMALL=OK  BIG=?
  T12_distractor       SMALL=OK  BIG=?

Detalii: C:\Users\Pusu\tools\local-model-bench\results_gate2W-flash.json
