[SMALL] FAIL T1_outreach | pasi=4 | tok_ctx=1528 | 21.2s | invalid=[]
[SMALL] FAIL T2_email_retry | pasi=1 | tok_ctx=1195 | 6.4s | invalid=[]
[SMALL] OK  T3_budget | pasi=1 | tok_ctx=1272 | 6.5s | invalid=[]
[SMALL] FAIL T4_no_tool | pasi=0 | tok_ctx=1119 | 2.3s | invalid=[]
[SMALL] FAIL T5_verify | pasi=4 | tok_ctx=1541 | 21.8s | invalid=[]
[SMALL] OK  T6_cron | pasi=1 | tok_ctx=1190 | 6.8s | invalid=[]
[SMALL] FAIL T7_memory | pasi=0 | tok_ctx=1118 | 2.4s | invalid=[]
[SMALL] FAIL T8_contradiction | pasi=0 | tok_ctx=1119 | 2.4s | invalid=[]
[SMALL] FAIL T9_missing_file | pasi=1 | tok_ctx=1168 | 6.5s | invalid=[]
[SMALL] OK  T10_chain | pasi=2 | tok_ctx=1286 | 11.3s | invalid=[]
[SMALL] OK  T11_extract_retry | pasi=1 | tok_ctx=1217 | 6.3s | invalid=[]
[SMALL] FAIL T12_distractor | pasi=0 | tok_ctx=1117 | 2.4s | invalid=[]

=== SUMAR ===
SMALL: 4/12 reusite | ctx_prompt_max=1541 tok | 2.7s/call | tool-uri inventate=0 | epuizat_pasi=0 | bucla_max_acelasi_tool=3
   poarta: allow=7 confirm=4 block=4 | erori_poarta=0

Tabel per task:
  T1_outreach          SMALL=X   BIG=?
  T2_email_retry       SMALL=X   BIG=?
  T3_budget            SMALL=OK  BIG=?
  T4_no_tool           SMALL=X   BIG=?
  T5_verify            SMALL=X   BIG=?
  T6_cron              SMALL=OK  BIG=?
  T7_memory            SMALL=X   BIG=?
  T8_contradiction     SMALL=X   BIG=?
  T9_missing_file      SMALL=X   BIG=?
  T10_chain            SMALL=OK  BIG=?
  T11_extract_retry    SMALL=OK  BIG=?
  T12_distractor       SMALL=X   BIG=?

Detalii: C:\Users\Pusu\tools\local-model-bench\results_gateW-hammer.json
