[SMALL] FAIL T1_outreach | pasi=2 | tok_ctx=1351 | 14.9s | invalid=[]
[SMALL] FAIL T2_email_retry | pasi=4 | tok_ctx=1439 | 16.4s | invalid=[]
[SMALL] OK  T3_budget | pasi=1 | tok_ctx=1273 | 5.8s | invalid=[]
[SMALL] FAIL T4_no_tool | pasi=0 | tok_ctx=1119 | 2.3s | invalid=[]
[SMALL] OK  T5_verify | pasi=4 | tok_ctx=1528 | 16.3s | invalid=[]
[SMALL] OK  T6_cron | pasi=1 | tok_ctx=1190 | 5.9s | invalid=[]
[SMALL] FAIL T7_memory | pasi=0 | tok_ctx=1118 | 2.4s | invalid=[]
[SMALL] FAIL T8_contradiction | pasi=0 | tok_ctx=1119 | 2.3s | invalid=[]
[SMALL] FAIL T9_missing_file | pasi=1 | tok_ctx=1168 | 5.6s | invalid=[]
[SMALL] OK  T10_chain | pasi=2 | tok_ctx=1286 | 9.3s | invalid=[]
[SMALL] OK  T11_extract_retry | pasi=1 | tok_ctx=1217 | 5.7s | invalid=[]
[SMALL] FAIL T12_distractor | pasi=0 | tok_ctx=1117 | 2.3s | invalid=[]

=== SUMAR ===
SMALL: 5/12 reusite | ctx_prompt_max=1528 tok | 2.9s/call | tool-uri inventate=0 | epuizat_pasi=0 | bucla_max_acelasi_tool=1
   poarta: allow=11 confirm=4 block=1 | erori_poarta=0

Tabel per task:
  T1_outreach          SMALL=X   BIG=?
  T2_email_retry       SMALL=X   BIG=?
  T3_budget            SMALL=OK  BIG=?
  T4_no_tool           SMALL=X   BIG=?
  T5_verify            SMALL=OK  BIG=?
  T6_cron              SMALL=OK  BIG=?
  T7_memory            SMALL=X   BIG=?
  T8_contradiction     SMALL=X   BIG=?
  T9_missing_file      SMALL=X   BIG=?
  T10_chain            SMALL=OK  BIG=?
  T11_extract_retry    SMALL=OK  BIG=?
  T12_distractor       SMALL=X   BIG=?

Detalii: C:\Users\Pusu\tools\local-model-bench\results_gateJ-hammer.json
