[SMALL] FAIL T1_outreach | pasi=2 | tok_ctx=943 | 156.7s | invalid=[]
[SMALL] FAIL T2_email_retry | pasi=1 | tok_ctx=785 | 79.7s | invalid=[]
[SMALL] OK  T3_budget | pasi=1 | tok_ctx=852 | 116.6s | invalid=[]
[SMALL] OK  T4_no_tool | pasi=0 | tok_ctx=704 | 91.5s | invalid=[]
[SMALL] FAIL T5_verify | pasi=3 | tok_ctx=1027 | 151.8s | invalid=[]
[SMALL] OK  T6_cron | pasi=1 | tok_ctx=776 | 191.3s | invalid=[]
[SMALL] OK  T7_memory | pasi=1 | tok_ctx=772 | 76.4s | invalid=[]
[SMALL] FAIL T8_contradiction | pasi=0 | tok_ctx=707 | 89.4s | invalid=[]
[SMALL] FAIL T9_missing_file | pasi=1 | tok_ctx=756 | 62.5s | invalid=[]
[SMALL] FAIL T10_chain | pasi=1 | tok_ctx=792 | 248.6s | invalid=[]
[SMALL] OK  T11_extract_retry | pasi=1 | tok_ctx=803 | 78.6s | invalid=[]
[SMALL] OK  T12_distractor | pasi=0 | tok_ctx=704 | 729.9s | invalid=[]

=== SUMAR ===
SMALL: 6/12 reusite | ctx_prompt_max=1027 tok | 86.4s/call | tool-uri inventate=0 | epuizat_pasi=0 | bucla_max_acelasi_tool=2

Tabel per task:
  T1_outreach          SMALL=X   BIG=?
  T2_email_retry       SMALL=X   BIG=?
  T3_budget            SMALL=OK  BIG=?
  T4_no_tool           SMALL=OK  BIG=?
  T5_verify            SMALL=X   BIG=?
  T6_cron              SMALL=OK  BIG=?
  T7_memory            SMALL=OK  BIG=?
  T8_contradiction     SMALL=X   BIG=?
  T9_missing_file      SMALL=X   BIG=?
  T10_chain            SMALL=X   BIG=?
  T11_extract_retry    SMALL=OK  BIG=?
  T12_distractor       SMALL=OK  BIG=?

Detalii: C:\Users\Pusu\tools\local-model-bench\results_gemma4-12b-qat.json
