[SMALL] OK  T1_outreach | pasi=2 | tok_ctx=1336 | 9.4s | invalid=[]
[SMALL] FAIL T2_email_retry | pasi=6 | tok_ctx=1734 | 24.7s | invalid=[]
[SMALL] FAIL T3_budget | pasi=2 | tok_ctx=1375 | 9.0s | invalid=[]
[SMALL] OK  T4_no_tool | pasi=0 | tok_ctx=1119 | 2.7s | invalid=[]
[SMALL] OK  T5_verify | pasi=4 | tok_ctx=1554 | 13.6s | invalid=[]
[SMALL] OK  T6_cron | pasi=1 | tok_ctx=1190 | 5.5s | invalid=[]
[SMALL] FAIL T7_memory | pasi=1 | tok_ctx=1235 | 8.8s | invalid=[]
[SMALL] FAIL T8_contradiction | pasi=0 | tok_ctx=1158 | 5.3s | invalid=[]
[SMALL] FAIL T9_missing_file | pasi=1 | tok_ctx=1168 | 5.4s | invalid=[]
[SMALL] OK  T10_chain | pasi=2 | tok_ctx=1317 | 10.1s | invalid=[]
[SMALL] OK  T11_extract_retry | pasi=1 | tok_ctx=1248 | 5.3s | invalid=[]
[SMALL] OK  T12_distractor | pasi=0 | tok_ctx=1117 | 2.7s | invalid=[]

=== SUMAR ===
SMALL: 7/12 reusite | ctx_prompt_max=1734 tok | 2.7s/call | tool-uri inventate=0 | epuizat_pasi=0 | bucla_max_acelasi_tool=2

Tabel per task:
  T1_outreach          SMALL=OK  BIG=?
  T2_email_retry       SMALL=X   BIG=?
  T3_budget            SMALL=X   BIG=?
  T4_no_tool           SMALL=OK  BIG=?
  T5_verify            SMALL=OK  BIG=?
  T6_cron              SMALL=OK  BIG=?
  T7_memory            SMALL=X   BIG=?
  T8_contradiction     SMALL=X   BIG=?
  T9_missing_file      SMALL=X   BIG=?
  T10_chain            SMALL=OK  BIG=?
  T11_extract_retry    SMALL=OK  BIG=?
  T12_distractor       SMALL=OK  BIG=?

Detalii: C:\Users\Pusu\tools\local-model-bench\results_arb2-hammer21-7b.json
