[SMALL] OK  T1_outreach | pasi=2 | tok_ctx=1335 | 10.4s | invalid=[]
[SMALL] FAIL T2_email_retry | pasi=3 | tok_ctx=1364 | 13.3s | invalid=[]
[SMALL] OK  T3_budget | pasi=1 | tok_ctx=1320 | 5.4s | invalid=[]
[SMALL] OK  T4_no_tool | pasi=0 | tok_ctx=1119 | 3.8s | invalid=[]
[SMALL] OK  T5_verify | pasi=4 | tok_ctx=1576 | 16.6s | invalid=[]
[SMALL] OK  T6_cron | pasi=1 | tok_ctx=1193 | 5.5s | invalid=[]
[SMALL] FAIL T7_memory | pasi=1 | tok_ctx=1235 | 8.6s | invalid=[]
[SMALL] FAIL T8_contradiction | pasi=1 | tok_ctx=1213 | 8.8s | invalid=[]
[SMALL] FAIL T9_missing_file | pasi=1 | tok_ctx=1168 | 5.3s | invalid=[]
[SMALL] OK  T10_chain | pasi=2 | tok_ctx=1336 | 24.3s | invalid=[]
[SMALL] OK  T11_extract_retry | pasi=1 | tok_ctx=1265 | 33.6s | invalid=[]
[SMALL] OK  T12_distractor | pasi=0 | tok_ctx=1117 | 17.1s | invalid=[]

=== SUMAR ===
SMALL: 8/12 reusite | ctx_prompt_max=1576 tok | 4.6s/call | tool-uri inventate=0 | epuizat_pasi=0 | bucla_max_acelasi_tool=1

Tabel per task:
  T1_outreach          SMALL=OK  BIG=?
  T2_email_retry       SMALL=X   BIG=?
  T3_budget            SMALL=OK  BIG=?
  T4_no_tool           SMALL=OK  BIG=?
  T5_verify            SMALL=OK  BIG=?
  T6_cron              SMALL=OK  BIG=?
  T7_memory            SMALL=X   BIG=?
  T8_contradiction     SMALL=X   BIG=?
  T9_missing_file      SMALL=X   BIG=?
  T10_chain            SMALL=OK  BIG=?
  T11_extract_retry    SMALL=OK  BIG=?
  T12_distractor       SMALL=OK  BIG=?

Detalii: C:\Users\Pusu\tools\local-model-bench\results_arb3-hammer21-7b.json
