[SMALL] OK  T1_outreach | pasi=12 | tok_ctx=3621 | 22.1s | invalid=[]
[SMALL] FAIL T2_email_retry | pasi=6 | tok_ctx=1687 | 11.1s | invalid=[]
[SMALL] OK  T3_budget | pasi=1 | tok_ctx=1181 | 3.8s | invalid=[]
[SMALL] OK  T4_no_tool | pasi=0 | tok_ctx=982 | 2.0s | invalid=[]
[SMALL] OK  T5_verify | pasi=5 | tok_ctx=1700 | 9.6s | invalid=[]
[SMALL] OK  T6_cron | pasi=4 | tok_ctx=2006 | 10.4s | invalid=[]
[SMALL] OK  T7_memory | pasi=1 | tok_ctx=1095 | 3.1s | invalid=[]
[SMALL] FAIL T8_contradiction | pasi=3 | tok_ctx=1492 | 8.8s | invalid=[]
[SMALL] FAIL T9_missing_file | pasi=5 | tok_ctx=1664 | 10.2s | invalid=[]
[SMALL] FAIL T10_chain | pasi=17 | tok_ctx=5507 | 34.6s | invalid=[]
[SMALL] OK  T11_extract_retry | pasi=1 | tok_ctx=1142 | 3.6s | invalid=[]
[SMALL] OK  T12_distractor | pasi=5 | tok_ctx=1680 | 13.0s | invalid=[]

=== SUMAR ===
SMALL: 8/12 reusite | ctx_prompt_max=5507 tok | 2.2s/call | tool-uri inventate=0 | epuizat_pasi=1 | bucla_max_acelasi_tool=5
   poarta: allow=40 confirm=3 block=17 | erori_poarta=0

Tabel per task:
  T1_outreach          SMALL=OK  BIG=?
  T2_email_retry       SMALL=X   BIG=?
  T3_budget            SMALL=OK  BIG=?
  T4_no_tool           SMALL=OK  BIG=?
  T5_verify            SMALL=OK  BIG=?
  T6_cron              SMALL=OK  BIG=?
  T7_memory            SMALL=OK  BIG=?
  T8_contradiction     SMALL=X   BIG=?
  T9_missing_file      SMALL=X   BIG=?
  T10_chain            SMALL=X   BIG=?
  T11_extract_retry    SMALL=OK  BIG=?
  T12_distractor       SMALL=OK  BIG=?

Detalii: C:\Users\Pusu\tools\local-model-bench\results_gateJ-flash.json
