[SMALL] FAIL T1_outreach | pasi=8 | tok_ctx=1955 | 66.3s | invalid=[]
[SMALL] FAIL T2_email_retry | pasi=8 | tok_ctx=1526 | 50.4s | invalid=[]
[SMALL] OK  T3_budget | pasi=1 | tok_ctx=1199 | 26.5s | invalid=[]
[SMALL] OK  T4_no_tool | pasi=0 | tok_ctx=1030 | 19.3s | invalid=[]
[SMALL] OK  T5_verify | pasi=4 | tok_ctx=1513 | 48.2s | invalid=[]
[SMALL] OK  T6_cron | pasi=1 | tok_ctx=1118 | 20.8s | invalid=[]
[SMALL] OK  T7_memory | pasi=1 | tok_ctx=1107 | 16.9s | invalid=[]
[SMALL] FAIL T8_contradiction | pasi=0 | tok_ctx=1030 | 12.6s | invalid=[]
[SMALL] FAIL T9_missing_file | pasi=1 | tok_ctx=1090 | 15.4s | invalid=[]
[SMALL] OK  T10_chain | pasi=2 | tok_ctx=1247 | 43.3s | invalid=[]
[SMALL] OK  T11_extract_retry | pasi=1 | tok_ctx=1137 | 16.8s | invalid=[]
[SMALL] OK  T12_distractor | pasi=0 | tok_ctx=1029 | 22.0s | invalid=[]
[BIG] FAIL T1_outreach | pasi=8 | tok_ctx=5999 | 93.0s | invalid=[]
[BIG] FAIL T2_email_retry | pasi=8 | tok_ctx=5592 | 56.3s | invalid=[]
[BIG] OK  T3_budget | pasi=1 | tok_ctx=5230 | 28.0s | invalid=[]
[BIG] OK  T4_no_tool | pasi=0 | tok_ctx=5061 | 14.0s | invalid=[]
[BIG] OK  T5_verify | pasi=4 | tok_ctx=5575 | 38.4s | invalid=[]
[BIG] OK  T6_cron | pasi=1 | tok_ctx=5197 | 18.7s | invalid=[]
[BIG] OK  T7_memory | pasi=1 | tok_ctx=5138 | 15.9s | invalid=[]
[BIG] FAIL T8_contradiction | pasi=0 | tok_ctx=5061 | 13.0s | invalid=[]
[BIG] OK  T9_missing_file | pasi=5 | tok_ctx=5417 | 44.6s | invalid=[]
[BIG] OK  T10_chain | pasi=6 | tok_ctx=5666 | 53.9s | invalid=[]
[BIG] FAIL T11_extract_retry | pasi=8 | tok_ctx=5566 | 52.5s | invalid=[]
[BIG] FAIL T12_distractor | pasi=1 | tok_ctx=5124 | 21.5s | invalid=[]

=== SUMAR ===
SMALL: 8/12 reusite | ctx_prompt_max=1955 tok | 9.7s/call | tool-uri inventate=0 | epuizat_pasi=3 | bucla_max_acelasi_tool=8
BIG: 7/12 reusite | ctx_prompt_max=5999 tok | 8.6s/call | tool-uri inventate=0 | epuizat_pasi=6 | bucla_max_acelasi_tool=8

Tabel per task:
  T1_outreach          SMALL=X   BIG=X  
  T2_email_retry       SMALL=X   BIG=X  
  T3_budget            SMALL=OK  BIG=OK 
  T4_no_tool           SMALL=OK  BIG=OK 
  T5_verify            SMALL=OK  BIG=OK 
  T6_cron              SMALL=OK  BIG=OK 
  T7_memory            SMALL=OK  BIG=OK 
  T8_contradiction     SMALL=X   BIG=X  
  T9_missing_file      SMALL=X   BIG=OK 
  T10_chain            SMALL=OK  BIG=OK 
  T11_extract_retry    SMALL=OK  BIG=X  
  T12_distractor       SMALL=OK  BIG=X  

Detalii: C:\Users\Pusu\tools\local-model-bench\results.json
