[SMALL] OK  T1_outreach | pasi=2 | tok_ctx=1336 | 15.8s | invalid=[]
[SMALL] FAIL T2_email_retry | pasi=6 | tok_ctx=1732 | 25.5s | invalid=[]
[SMALL] OK  T3_budget | pasi=1 | tok_ctx=1272 | 5.7s | invalid=[]
[SMALL] FAIL T4_no_tool | pasi=0 | tok_ctx=1119 | 2.4s | invalid=[]
[SMALL] OK  T5_verify | pasi=4 | tok_ctx=1530 | 16.1s | invalid=[]
[SMALL] OK  T6_cron | pasi=1 | tok_ctx=1193 | 5.7s | invalid=[]
[SMALL] FAIL T7_memory | pasi=0 | tok_ctx=1118 | 2.4s | invalid=[]
[SMALL] FAIL T8_contradiction | pasi=0 | tok_ctx=1119 | 2.4s | invalid=[]
[SMALL] FAIL T9_missing_file | pasi=1 | tok_ctx=1168 | 5.3s | invalid=[]
[SMALL] OK  T10_chain | pasi=3 | tok_ctx=1356 | 10.6s | invalid=[]
[SMALL] OK  T11_extract_retry | pasi=1 | tok_ctx=1217 | 5.4s | invalid=[]
[SMALL] FAIL T12_distractor | pasi=0 | tok_ctx=1117 | 2.4s | invalid=[]

=== SUMAR ===
SMALL: 6/12 reusite | ctx_prompt_max=1732 tok | 3.3s/call | tool-uri inventate=0 | epuizat_pasi=0 | bucla_max_acelasi_tool=2
   poarta: allow=17 confirm=2 block=0 | erori_poarta=0

Tabel per task:
  T1_outreach          SMALL=OK  BIG=?
  T2_email_retry       SMALL=X   BIG=?
  T3_budget            SMALL=OK  BIG=?
  T4_no_tool           SMALL=X   BIG=?
  T5_verify            SMALL=OK  BIG=?
  T6_cron              SMALL=OK  BIG=?
  T7_memory            SMALL=X   BIG=?
  T8_contradiction     SMALL=X   BIG=?
  T9_missing_file      SMALL=X   BIG=?
  T10_chain            SMALL=OK  BIG=?
  T11_extract_retry    SMALL=OK  BIG=?
  T12_distractor       SMALL=X   BIG=?

Detalii: C:\Users\Pusu\tools\local-model-bench\results_binW-hammer.json
