[SMALL] OK  T1_outreach | pasi=11 | tok_ctx=3403 | 16.5s | invalid=[]
[SMALL] FAIL T2_email_retry | pasi=7 | tok_ctx=1749 | 10.2s | invalid=[]
[SMALL] OK  T3_budget | pasi=2 | tok_ctx=1324 | 2.9s | invalid=[]
[SMALL] OK  T4_no_tool | pasi=0 | tok_ctx=982 | 2.1s | invalid=[]
[SMALL] OK  T5_verify | pasi=4 | tok_ctx=1655 | 7.5s | invalid=[]
[SMALL] OK  T6_cron | pasi=2 | tok_ctx=1432 | 5.6s | invalid=[]
[SMALL] OK  T7_memory | pasi=1 | tok_ctx=1102 | 3.0s | invalid=[]
[SMALL] OK  T8_contradiction | pasi=4 | tok_ctx=1527 | 8.8s | invalid=[]
[SMALL] OK  T9_missing_file | pasi=7 | tok_ctx=1781 | 10.1s | invalid=[]
[SMALL] OK  T10_chain | pasi=23 | tok_ctx=4311 | 21.9s | invalid=[]
[SMALL] OK  T11_extract_retry | pasi=1 | tok_ctx=1122 | 3.3s | invalid=[]
[SMALL] OK  T12_distractor | pasi=7 | tok_ctx=1806 | 9.7s | invalid=[]

=== SUMAR ===
SMALL: 11/12 reusite | ctx_prompt_max=4311 tok | 2.1s/call | tool-uri inventate=0 | epuizat_pasi=0 | bucla_max_acelasi_tool=6
   poarta: allow=69 confirm=0 block=0 | erori_poarta=0

Tabel per task:
  T1_outreach          SMALL=OK  BIG=?
  T2_email_retry       SMALL=X   BIG=?
  T3_budget            SMALL=OK  BIG=?
  T4_no_tool           SMALL=OK  BIG=?
  T5_verify            SMALL=OK  BIG=?
  T6_cron              SMALL=OK  BIG=?
  T7_memory            SMALL=OK  BIG=?
  T8_contradiction     SMALL=OK  BIG=?
  T9_missing_file      SMALL=OK  BIG=?
  T10_chain            SMALL=OK  BIG=?
  T11_extract_retry    SMALL=OK  BIG=?
  T12_distractor       SMALL=OK  BIG=?

Detalii: C:\Users\Pusu\tools\local-model-bench\results_gate3W-flash.json
