[SMALL] OK  T1_outreach | pasi=14 | tok_ctx=3795 | 16.4s | invalid=[]
[SMALL] FAIL T2_email_retry | pasi=9 | tok_ctx=2004 | 11.4s | invalid=[]
[SMALL] OK  T3_budget | pasi=1 | tok_ctx=1203 | 4.0s | invalid=[]
[SMALL] OK  T4_no_tool | pasi=0 | tok_ctx=982 | 2.0s | invalid=[]
[SMALL] FAIL T5_verify | pasi=6 | tok_ctx=1897 | 8.0s | invalid=[]
[SMALL] OK  T6_cron | pasi=2 | tok_ctx=1461 | 5.5s | invalid=[]
[SMALL] OK  T7_memory | pasi=1 | tok_ctx=1109 | 2.2s | invalid=[]
[SMALL] OK  T8_contradiction | pasi=2 | tok_ctx=1278 | 6.3s | invalid=[]
[SMALL] OK  T9_missing_file | pasi=8 | tok_ctx=1711 | 8.1s | invalid=[]
[SMALL] OK  T10_chain | pasi=21 | tok_ctx=4073 | 19.0s | invalid=[]
[SMALL] OK  T11_extract_retry | pasi=1 | tok_ctx=1122 | 2.9s | invalid=[]
[SMALL] OK  T12_distractor | pasi=5 | tok_ctx=1680 | 8.8s | invalid=[]

=== SUMAR ===
SMALL: 10/12 reusite | ctx_prompt_max=4073 tok | 2.1s/call | tool-uri inventate=0 | epuizat_pasi=1 | bucla_max_acelasi_tool=6

Tabel per task:
  T1_outreach          SMALL=OK  BIG=?
  T2_email_retry       SMALL=X   BIG=?
  T3_budget            SMALL=OK  BIG=?
  T4_no_tool           SMALL=OK  BIG=?
  T5_verify            SMALL=X   BIG=?
  T6_cron              SMALL=OK  BIG=?
  T7_memory            SMALL=OK  BIG=?
  T8_contradiction     SMALL=OK  BIG=?
  T9_missing_file      SMALL=OK  BIG=?
  T10_chain            SMALL=OK  BIG=?
  T11_extract_retry    SMALL=OK  BIG=?
  T12_distractor       SMALL=OK  BIG=?

Detalii: C:\Users\Pusu\tools\local-model-bench\results_cloud-flash.json
