[SMALL] FAIL T1_outreach | pasi=4 | tok_ctx=1572 | 10.1s | invalid=[]
[SMALL] FAIL T2_email_retry | pasi=1 | tok_ctx=1195 | 5.6s | invalid=[]
[SMALL] OK  T3_budget | pasi=1 | tok_ctx=1303 | 5.8s | invalid=[]
[SMALL] OK  T4_no_tool | pasi=0 | tok_ctx=1119 | 2.8s | invalid=[]
[SMALL] OK  T5_verify | pasi=4 | tok_ctx=1561 | 16.5s | invalid=[]
[SMALL] OK  T6_cron | pasi=1 | tok_ctx=1190 | 5.7s | invalid=[]
[SMALL] FAIL T7_memory | pasi=1 | tok_ctx=1235 | 8.9s | invalid=[]
[SMALL] FAIL T8_contradiction | pasi=1 | tok_ctx=1213 | 11.2s | invalid=[]
[SMALL] FAIL T9_missing_file | pasi=1 | tok_ctx=1168 | 5.6s | invalid=[]
[SMALL] OK  T10_chain | pasi=2 | tok_ctx=1317 | 10.3s | invalid=[]
[SMALL] OK  T11_extract_retry | pasi=1 | tok_ctx=1248 | 5.7s | invalid=[]
[SMALL] OK  T12_distractor | pasi=0 | tok_ctx=1117 | 2.9s | invalid=[]

=== SUMAR ===
SMALL: 7/12 reusite | ctx_prompt_max=1572 tok | 2.7s/call | tool-uri inventate=0 | epuizat_pasi=0 | bucla_max_acelasi_tool=3

Tabel per task:
  T1_outreach          SMALL=X   BIG=?
  T2_email_retry       SMALL=X   BIG=?
  T3_budget            SMALL=OK  BIG=?
  T4_no_tool           SMALL=OK  BIG=?
  T5_verify            SMALL=OK  BIG=?
  T6_cron              SMALL=OK  BIG=?
  T7_memory            SMALL=X   BIG=?
  T8_contradiction     SMALL=X   BIG=?
  T9_missing_file      SMALL=X   BIG=?
  T10_chain            SMALL=OK  BIG=?
  T11_extract_retry    SMALL=OK  BIG=?
  T12_distractor       SMALL=OK  BIG=?

Detalii: C:\Users\Pusu\tools\local-model-bench\results_arb-hammer21-7b.json
